src/app/api/announcements/route.ts(57,41): error TS2339: Property 'errors' does not exist on type 'ZodError<{ title: string; content: string; priority: "high" | "normal" | "low"; department?: string | undefined; targetProgram?: string | undefined; targetSemester?: string | undefined; }>'.
src/app/api/announcements/route.ts(57,52): error TS7006: Parameter 'e' implicitly has an 'any' type.
src/app/api/auth/login/route.ts(14,41): error TS2339: Property 'errors' does not exist on type 'ZodError<{ instituteId: string; applicationId: string; password: string; }>'.
src/app/api/auth/login/route.ts(14,52): error TS7006: Parameter 'e' implicitly has an 'any' type.
src/app/api/auth/signup/route.ts(13,41): error TS2339: Property 'errors' does not exist on type 'ZodError<{ instituteId: string; applicationId: string; name: string; password: string; confirmPassword: string; role: "STUDENT" | "FACULTY" | "ADMIN"; }>'.
src/app/api/auth/signup/route.ts(13,52): error TS7006: Parameter 'e' implicitly has an 'any' type.
src/app/api/profile/route.ts(68,41): error TS2339: Property 'errors' does not exist on type 'ZodError<{ name: string; enrollmentNo?: string | undefined; classId?: string | undefined; semester?: string | undefined; course?: string | undefined; }>'.
src/app/api/profile/route.ts(68,52): error TS7006: Parameter 'e' implicitly has an 'any' type.
src/app/api/questions/[id]/answers/route.ts(59,41): error TS2339: Property 'errors' does not exist on type 'ZodError<{ content: string; }>'.
src/app/api/questions/[id]/answers/route.ts(59,52): error TS7006: Parameter 'e' implicitly has an 'any' type.
src/app/api/questions/route.ts(82,41): error TS2339: Property 'errors' does not exist on type 'ZodError<{ title: string; body: string; tags: string[]; category: string; }>'.
src/app/api/questions/route.ts(82,52): error TS7006: Parameter 'e' implicitly has an 'any' type.
src/components/ui/calendar.tsx(3,27): error TS2307: Cannot find module 'react-day-picker' or its corresponding type declarations.
src/components/ui/calendar.tsx(55,22): error TS7031: Binding element 'className' implicitly has an 'any' type.
src/components/ui/calendar.tsx(58,23): error TS7031: Binding element 'className' implicitly has an 'any' type.
src/components/ui/carousel.tsx(4,8): error TS2307: Cannot find module 'embla-carousel-react' or its corresponding type declarations.
src/components/ui/chart.tsx(4,36): error TS2307: Cannot find module 'recharts' or its corresponding type declarations.
src/components/ui/chart.tsx(188,25): error TS7006: Parameter 'item' implicitly has an 'any' type.
src/components/ui/chart.tsx(188,31): error TS7006: Parameter 'index' implicitly has an 'any' type.
src/components/ui/chart.tsx(288,23): error TS7006: Parameter 'item' implicitly has an 'any' type.
src/components/ui/command.tsx(3,45): error TS2307: Cannot find module 'cmdk' or its corresponding type declarations.
src/components/ui/drawer.tsx(4,43): error TS2307: Cannot find module 'vaul' or its corresponding type declarations.
src/components/ui/form.tsx(13,8): error TS2307: Cannot find module 'react-hook-form' or its corresponding type declarations.
src/components/ui/input-otp.tsx(2,43): error TS2307: Cannot find module 'input-otp' or its corresponding type declarations.
src/components/ui/input-otp.tsx(36,44): error TS18046: 'inputOTPContext' is of type 'unknown'.
src/components/ui/resizable.tsx(4,37): error TS2307: Cannot find module 'react-resizable-panels' or its corresponding type declarations.
src/components/ui/sidebar.tsx(6,29): error TS2307: Cannot find module '@/hooks/use-mobile' or its corresponding type declarations.
src/components/ui/toaster.tsx(12,11): error TS2339: Property 'toasts' does not exist on type '{ toast: (props: Toast) => void; }'.
src/components/ui/toaster.tsx(16,31): error TS7031: Binding element 'id' implicitly has an 'any' type.
src/components/ui/toaster.tsx(16,35): error TS7031: Binding element 'title' implicitly has an 'any' type.
src/components/ui/toaster.tsx(16,42): error TS7031: Binding element 'description' implicitly has an 'any' type.
src/components/ui/toaster.tsx(16,55): error TS7031: Binding element 'action' implicitly has an 'any' type.
src/lib/asksvgu/data.ts(69,9): error TS2322: Type '{ avatarUrl: string; id: string; name: string; profile: string; course: string; reputation: number; }[]' is not assignable to type 'AskUser[]'.
  Type '{ avatarUrl: string; id: string; name: string; profile: string; course: string; reputation: number; }' is not assignable to type 'AskUser'.
    Types of property 'course' are incompatible.
      Type 'string' is not assignable to type 'CourseCode'.
src/lib/validations.ts(40,13): error TS2769: No overload matches this call.
  Overload 1 of 2, '(values: readonly ["STUDENT", "FACULTY", "ADMIN"], params?: string | { error?: string | $ZodErrorMap<$ZodIssueInvalidValue<unknown>> | undefined; message?: string | undefined; } | undefined): ZodEnum<...>', gave the following error.
    Object literal may only specify known properties, and 'errorMap' does not exist in type '{ error?: string | $ZodErrorMap<$ZodIssueInvalidValue<unknown>> | undefined; message?: string | undefined; }'.
  Overload 2 of 2, '(entries: Readonly<Record<string, EnumValue>>, params?: string | { error?: string | $ZodErrorMap<$ZodIssueInvalidValue<unknown>> | undefined; message?: string | undefined; } | undefined): ZodEnum<...>', gave the following error.
    Argument of type 'string[]' is not assignable to parameter of type 'Readonly<Record<string, EnumValue>>'.
      Index signature for type 'string' is missing in type 'string[]'.
